144.76.60.98 - - [15/Apr/2020:15:01:14 -0700] "GET /ucp.php?mode=login&redirect=viewtopic.php?f=2 HTTP/1.1" 200 2900 "-" "Mozilla/5.0 (compatible; MegaIndex.ru/2.0; +http://megaindex.com/crawler)"
144.76.60.98 - - [15/Apr/2020:15:01:15 -0700] "GET /ucp.php?mode=login&redirect=posting.php?f=2&mode=reply&t=18153 HTTP/1.1" 200 2922 "-" "Mozilla/5.0 (compatible; MegaIndex.ru/2.0; +http://megaindex.com/crawler)"
144.76.60.98 - - [15/Apr/2020:15:01:17 -0700] "GET /ucp.php?mode=login&redirect=viewtopic.php?p=210613 HTTP/1.1" 200 2905 "-" "Mozilla/5.0 (compatible; MegaIndex.ru/2.0; +http://megaindex.com/crawler)"
144.76.60.98 - - [15/Apr/2020:15:01:19 -0700] "GET /ucp.php?mode=login&redirect=posting.php?f=2 HTTP/1.1" 200 2900 "-" "Mozilla/5.0 (compatible; MegaIndex.ru/2.0; +http://megaindex.com/crawler)"
60.251.33.224 - - [15/Apr/2020:15:02:52 -0700] "GET /index.php HTTP/1.1" 200 10973 "http://forum.new-republic.net/index.php" "Mozilla/5.0 (Windows NT 6.1; Win64; x64) AppleWebKit/537.36 (KHTML, like Gecko) Chrome/67.0.3396.87 Safari/537.36 OPR/54.0.2952.64"
60.251.33.224 - - [15/Apr/2020:15:02:54 -0700] "GET /viewforum.php?f=2&sid=30f1cf65ea424122ee09e43e3851536d HTTP/1.1" 200 14239 "http://forum.new-republic.net/viewforum.php?f=2&sid=30f1cf65ea424122ee09e43e3851536d" "Mozilla/5.0 (Windows NT 6.1; Win64; x64) AppleWebKit/537.36 (KHTML, like Gecko) Chrome/67.0.3396.87 Safari/537.36 OPR/54.0.2952.64"
60.251.33.224 - - [15/Apr/2020:15:02:55 -0700] "GET /ucp.php?mode=register&sid=30f1cf65ea424122ee09e43e3851536d HTTP/1.1" 200 9959 "http://forum.new-republic.net/ucp.php?mode=register&sid=30f1cf65ea424122ee09e43e3851536d" "Mozilla/5.0 (Windows NT 6.1; Win64; x64) AppleWebKit/537.36 (KHTML, like Gecko) Chrome/67.0.3396.87 Safari/537.36 OPR/54.0.2952.64"
60.251.33.224 - - [15/Apr/2020:15:03:02 -0700] "POST /ucp.php?mode=register&sid=30f1cf65ea424122ee09e43e3851536d HTTP/1.1" 200 63652 "http://forum.new-republic.net/ucp.php?mode=register&sid=30f1cf65ea424122ee09e43e3851536d" "Mozilla/5.0 (Windows NT 6.1; Win64; x64) AppleWebKit/537.36 (KHTML, like Gecko) Chrome/67.0.3396.87 Safari/537.36 OPR/54.0.2952.64"
60.251.33.224 - - [15/Apr/2020:15:03:08 -0700] "POST /ucp.php?mode=register&sid=30f1cf65ea424122ee09e43e3851536d HTTP/1.1" 200 63843 "http://forum.new-republic.net/ucp.php?mode=register&sid=30f1cf65ea424122ee09e43e3851536d" "Mozilla/5.0 (Windows NT 6.1; Win64; x64) AppleWebKit/537.36 (KHTML, like Gecko) Chrome/67.0.3396.87 Safari/537.36 OPR/54.0.2952.64"
60.251.33.224 - - [15/Apr/2020:15:03:15 -0700] "POST /ucp.php?mode=register&sid=30f1cf65ea424122ee09e43e3851536d HTTP/1.1" 200 63843 "http://forum.new-republic.net/ucp.php?mode=register&sid=30f1cf65ea424122ee09e43e3851536d" "Mozilla/5.0 (Windows NT 6.1; Win64; x64) AppleWebKit/537.36 (KHTML, like Gecko) Chrome/67.0.3396.87 Safari/537.36 OPR/54.0.2952.64"
60.251.33.224 - - [15/Apr/2020:15:03:22 -0700] "POST /ucp.php?mode=register&sid=30f1cf65ea424122ee09e43e3851536d HTTP/1.1" 200 63843 "http://forum.new-republic.net/ucp.php?mode=register&sid=30f1cf65ea424122ee09e43e3851536d" "Mozilla/5.0 (Windows NT 6.1; Win64; x64) AppleWebKit/537.36 (KHTML, like Gecko) Chrome/67.0.3396.87 Safari/537.36 OPR/54.0.2952.64"
60.251.33.224 - - [15/Apr/2020:15:03:29 -0700] "POST /ucp.php?mode=register&sid=30f1cf65ea424122ee09e43e3851536d HTTP/1.1" 200 63843 "http://forum.new-republic.net/ucp.php?mode=register&sid=30f1cf65ea424122ee09e43e3851536d" "Mozilla/5.0 (Windows NT 6.1; Win64; x64) AppleWebKit/537.36 (KHTML, like Gecko) Chrome/67.0.3396.87 Safari/537.36 OPR/54.0.2952.64"
60.251.33.224 - - [15/Apr/2020:15:03:31 -0700] "GET /ucp.php?mode=login&redirect=index.php&sid=30f1cf65ea424122ee09e43e3851536d HTTP/1.1" 200 9488 "http://forum.new-republic.net/ucp.php?mode=login&redirect=index.php&sid=30f1cf65ea424122ee09e43e3851536d" "Mozilla/5.0 (Windows NT 6.1; Win64; x64) AppleWebKit/537.36 (KHTML, like Gecko) Chrome/67.0.3396.87 Safari/537.36 OPR/54.0.2952.64"
60.251.33.224 - - [15/Apr/2020:15:03:35 -0700] "POST /ucp.php?mode=login&sid=30f1cf65ea424122ee09e43e3851536d HTTP/1.1" 200 9736 "http://forum.new-republic.net/ucp.php?mode=login&redirect=index.php&sid=30f1cf65ea424122ee09e43e3851536d" "Mozilla/5.0 (Windows NT 6.1; Win64; x64) AppleWebKit/537.36 (KHTML, like Gecko) Chrome/67.0.3396.87 Safari/537.36 OPR/54.0.2952.64"
60.251.33.224 - - [15/Apr/2020:15:03:37 -0700] "GET /index.php HTTP/1.1" 200 10973 "http://forum.new-republic.net/index.php" "Mozilla/5.0 (Windows NT 6.1; Win64; x64) AppleWebKit/537.36 (KHTML, like Gecko) Chrome/67.0.3396.87 Safari/537.36 OPR/54.0.2952.64"
93.40.253.244 - - [15/Apr/2020:15:03:37 -0700] "GET /viewforum.php?f=33 HTTP/1.1" 200 21023 "-" "Mozilla/5.0 (Windows NT 10.0; Win64; x64) AppleWebKit/537.36 (KHTML, like Gecko) Chrome/81.0.4044.92 Safari/537.36"
93.40.253.244 - - [15/Apr/2020:15:03:39 -0700] "GET /favicon.ico HTTP/1.1" 404 3538 "http://forum.new-republic.net/viewforum.php?f=33" "Mozilla/5.0 (Windows NT 10.0; Win64; x64) AppleWebKit/537.36 (KHTML, like Gecko) Chrome/81.0.4044.92 Safari/537.36"
5.188.210.18 - - [15/Apr/2020:15:04:07 -0700] "GET /index.php HTTP/1.0" 200 10973 "http://forum.new-republic.net/index.php" "Mozilla/5.0 (Windows NT 10.0; Win64; x64) AppleWebKit/537.36 (KHTML, like Gecko) Chrome/64.0.3282.140 Safari/537.36 Edge/17.17134"
5.188.210.18 - - [15/Apr/2020:15:04:08 -0700] "GET /viewforum.php?f=2&sid=dcfc092e9091b9889f9e7b9155ed16d1 HTTP/1.0" 200 13160 "http://forum.new-republic.net/viewforum.php?f=2&sid=dcfc092e9091b9889f9e7b9155ed16d1" "Mozilla/5.0 (Windows NT 10.0; Win64; x64) AppleWebKit/537.36 (KHTML, like Gecko) Chrome/64.0.3282.140 Safari/537.36 Edge/17.17134"
5.188.210.18 - - [15/Apr/2020:15:04:08 -0700] "GET /posting.php?mode=post&f=2 HTTP/1.0" 200 8800 "http://forum.new-republic.net/posting.php?mode=post&f=2" "Mozilla/5.0 (Windows NT 10.0; Win64; x64) AppleWebKit/537.36 (KHTML, like Gecko) Chrome/64.0.3282.140 Safari/537.36 Edge/17.17134"
5.188.210.18 - - [15/Apr/2020:15:04:09 -0700] "GET /index.php HTTP/1.0" 200 10100 "http://forum.new-republic.net/index.php" "Mozilla/5.0 (Windows NT 10.0; Win64; x64) AppleWebKit/537.36 (KHTML, like Gecko) Chrome/64.0.3282.140 Safari/537.36 Edge/17.17134"
5.188.210.18 - - [15/Apr/2020:15:04:10 -0700] "GET /ucp.php?mode=register HTTP/1.0" 200 9528 "http://forum.new-republic.net/ucp.php?mode=register" "Mozilla/5.0 (Windows NT 10.0; Win64; x64) AppleWebKit/537.36 (KHTML, like Gecko) Chrome/64.0.3282.140 Safari/537.36 Edge/17.17134"
93.40.253.244 - - [15/Apr/2020:15:04:10 -0700] "GET /index.php?sid=60d2d08323afa27172d4a827f3553c29 HTTP/1.1" 200 8136 "http://forum.new-republic.net/viewforum.php?f=33" "Mozilla/5.0 (Windows NT 10.0; Win64; x64) AppleWebKit/537.36 (KHTML, like Gecko) Chrome/81.0.4044.92 Safari/537.36"
93.40.253.244 - - [15/Apr/2020:15:04:12 -0700] "GET /viewtopic.php?f=2067&p=210833 HTTP/1.1" 200 17019 "http://forum.new-republic.net/index.php?sid=60d2d08323afa27172d4a827f3553c29" "Mozilla/5.0 (Windows NT 10.0; Win64; x64) AppleWebKit/537.36 (KHTML, like Gecko) Chrome/81.0.4044.92 Safari/537.36"
93.40.253.244 - - [15/Apr/2020:15:04:13 -0700] "GET /images/ranks/C5_Director_NRI.png HTTP/1.1" 200 17647 "http://forum.new-republic.net/viewtopic.php?f=2067&p=210833" "Mozilla/5.0 (Windows NT 10.0; Win64; x64) AppleWebKit/537.36 (KHTML, like Gecko) Chrome/81.0.4044.92 Safari/537.36"
93.40.253.244 - - [15/Apr/2020:15:04:13 -0700] "GET /download/file.php?avatar=182_1581628753.png HTTP/1.1" 200 22546 "http://forum.new-republic.net/viewtopic.php?f=2067&p=210833" "Mozilla/5.0 (Windows NT 10.0; Win64; x64) AppleWebKit/537.36 (KHTML, like Gecko) Chrome/81.0.4044.92 Safari/537.36"
5.188.210.18 - - [15/Apr/2020:15:04:15 -0700] "POST /ucp.php?mode=register HTTP/1.0" 200 63221 "http://forum.new-republic.net/ucp.php?mode=register" "Mozilla/5.0 (Windows NT 10.0; Win64; x64) AppleWebKit/537.36 (KHTML, like Gecko) Chrome/64.0.3282.140 Safari/537.36 Edge/17.17134"
5.188.210.18 - - [15/Apr/2020:15:04:21 -0700] "POST /ucp.php?mode=register HTTP/1.0" 200 63349 "http://forum.new-republic.net/ucp.php?mode=register" "Mozilla/5.0 (Windows NT 10.0; Win64; x64) AppleWebKit/537.36 (KHTML, like Gecko) Chrome/64.0.3282.140 Safari/537.36 Edge/17.17134"
5.188.210.18 - - [15/Apr/2020:15:04:29 -0700] "POST /ucp.php?mode=register HTTP/1.0" 200 63349 "http://forum.new-republic.net/ucp.php?mode=register" "Mozilla/5.0 (Windows NT 10.0; Win64; x64) AppleWebKit/537.36 (KHTML, like Gecko) Chrome/64.0.3282.140 Safari/537.36 Edge/17.17134"
5.188.210.18 - - [15/Apr/2020:15:04:36 -0700] "POST /ucp.php?mode=register HTTP/1.0" 200 63349 "http://forum.new-republic.net/ucp.php?mode=register" "Mozilla/5.0 (Windows NT 10.0; Win64; x64) AppleWebKit/537.36 (KHTML, like Gecko) Chrome/64.0.3282.140 Safari/537.36 Edge/17.17134"
5.188.210.18 - - [15/Apr/2020:15:04:42 -0700] "POST /ucp.php?mode=register HTTP/1.0" 200 63349 "http://forum.new-republic.net/ucp.php?mode=register" "Mozilla/5.0 (Windows NT 10.0; Win64; x64) AppleWebKit/537.36 (KHTML, like Gecko) Chrome/64.0.3282.140 Safari/537.36 Edge/17.17134"
5.188.210.18 - - [15/Apr/2020:15:04:43 -0700] "GET /ucp.php?mode=login&redirect=index.php&sid=dcfc092e9091b9889f9e7b9155ed16d1 HTTP/1.0" 200 8815 "http://forum.new-republic.net/ucp.php?mode=login&redirect=index.php&sid=dcfc092e9091b9889f9e7b9155ed16d1" "Mozilla/5.0 (Windows NT 10.0; Win64; x64) AppleWebKit/537.36 (KHTML, like Gecko) Chrome/64.0.3282.140 Safari/537.36 Edge/17.17134"
5.188.210.18 - - [15/Apr/2020:15:04:44 -0700] "POST /ucp.php?mode=login HTTP/1.0" 200 9022 "http://forum.new-republic.net/ucp.php?mode=login&redirect=index.php&sid=dcfc092e9091b9889f9e7b9155ed16d1" "Mozilla/5.0 (Windows NT 10.0; Win64; x64) AppleWebKit/537.36 (KHTML, like Gecko) Chrome/64.0.3282.140 Safari/537.36 Edge/17.17134"
157.55.39.194 - - [15/Apr/2020:15:05:10 -0700] "GET /viewtopic.php?f=2&t=2092 HTTP/1.1" 404 2212 "-" "Mozilla/5.0 (compatible; bingbot/2.0; +http://www.bing.com/bingbot.htm)"
66.249.83.223 - - [15/Apr/2020:15:05:24 -0700] "GET /index.php HTTP/1.1" 200 3233 "-" "Mozilla/5.0 (X11; Linux x86_64) AppleWebKit/537.36 (KHTML, like Gecko) Chrome/49.0.2623.75 Safari/537.36 Google Favicon"
66.249.83.221 - - [15/Apr/2020:15:05:24 -0700] "GET /favicon.ico HTTP/1.1" 404 2208 "-" "Mozilla/5.0 (X11; Linux x86_64) AppleWebKit/537.36 (KHTML, like Gecko) Chrome/49.0.2623.75 Safari/537.36 Google Favicon"
100.6.78.187 - - [15/Apr/2020:15:05:26 -0700] "GET /index.php HTTP/1.1" 200 6922 "-" "Mozilla/5.0 (Windows NT 10.0; Win64; x64) AppleWebKit/537.36 (KHTML, like Gecko) Chrome/80.0.3987.163 Safari/537.36"
93.40.253.244 - - [15/Apr/2020:15:06:47 -0700] "GET /index.php HTTP/1.1" 200 8137 "http://forum.new-republic.net/viewtopic.php?f=2067&p=210833" "Mozilla/5.0 (Windows NT 10.0; Win64; x64) AppleWebKit/537.36 (KHTML, like Gecko) Chrome/81.0.4044.92 Safari/537.36"
93.40.253.244 - - [15/Apr/2020:15:06:57 -0700] "GET /viewforum.php?f=33 HTTP/1.1" 200 20656 "http://forum.new-republic.net/index.php" "Mozilla/5.0 (Windows NT 10.0; Win64; x64) AppleWebKit/537.36 (KHTML, like Gecko) Chrome/81.0.4044.92 Safari/537.36"
46.38.235.14 - - [15/Apr/2020:15:06:58 -0700] "GET /index.php HTTP/1.0" 200 10973 "http://forum.new-republic.net/index.php" "Mozilla/5.0 (Windows NT 10.0; Win64; x64) AppleWebKit/537.36 (KHTML, like Gecko) Chrome/58.0.3029.110 Safari/537.36 Edge/16.16299"
46.38.235.14 - - [15/Apr/2020:15:07:00 -0700] "GET /viewforum.php?f=2&sid=13c01adda6cdfe426b4ed55006fde978 HTTP/1.0" 200 13160 "http://forum.new-republic.net/viewforum.php?f=2&sid=13c01adda6cdfe426b4ed55006fde978" "Mozilla/5.0 (Windows NT 10.0; Win64; x64) AppleWebKit/537.36 (KHTML, like Gecko) Chrome/58.0.3029.110 Safari/537.36 Edge/16.16299"
46.38.235.14 - - [15/Apr/2020:15:07:01 -0700] "GET /posting.php?mode=post&f=2 HTTP/1.0" 200 8800 "http://forum.new-republic.net/posting.php?mode=post&f=2" "Mozilla/5.0 (Windows NT 10.0; Win64; x64) AppleWebKit/537.36 (KHTML, like Gecko) Chrome/58.0.3029.110 Safari/537.36 Edge/16.16299"
46.38.235.14 - - [15/Apr/2020:15:07:02 -0700] "GET /index.php HTTP/1.0" 200 10100 "http://forum.new-republic.net/index.php" "Mozilla/5.0 (Windows NT 10.0; Win64; x64) AppleWebKit/537.36 (KHTML, like Gecko) Chrome/58.0.3029.110 Safari/537.36 Edge/16.16299"
46.38.235.14 - - [15/Apr/2020:15:07:03 -0700] "GET /ucp.php?mode=register HTTP/1.0" 200 9528 "http://forum.new-republic.net/ucp.php?mode=register" "Mozilla/5.0 (Windows NT 10.0; Win64; x64) AppleWebKit/537.36 (KHTML, like Gecko) Chrome/58.0.3029.110 Safari/537.36 Edge/16.16299"
51.15.100.60 - - [15/Apr/2020:15:07:19 -0700] "POST /ucp.php?mode=register HTTP/1.0" 200 9959 "http://forum.new-republic.net/ucp.php?mode=register" "Mozilla/5.0 (Windows NT 10.0; Win64; x64) AppleWebKit/537.36 (KHTML, like Gecko) Chrome/58.0.3029.110 Safari/537.36 Edge/16.16299"
93.40.253.244 - - [15/Apr/2020:15:07:46 -0700] "GET /posting.php?mode=post&f=33 HTTP/1.1" 200 9229 "http://forum.new-republic.net/viewforum.php?f=33" "Mozilla/5.0 (Windows NT 10.0; Win64; x64) AppleWebKit/537.36 (KHTML, like Gecko) Chrome/81.0.4044.92 Safari/537.36"
93.40.253.244 - - [15/Apr/2020:15:09:29 -0700] "POST /posting.php?mode=post&f=33 HTTP/1.1" 302 - "http://forum.new-republic.net/posting.php?mode=post&f=33" "Mozilla/5.0 (Windows NT 10.0; Win64; x64) AppleWebKit/537.36 (KHTML, like Gecko) Chrome/81.0.4044.92 Safari/537.36"
93.40.253.244 - - [15/Apr/2020:15:09:30 -0700] "GET /viewtopic.php?f=33&t=18186 HTTP/1.1" 200 17655 "http://forum.new-republic.net/posting.php?mode=post&f=33" "Mozilla/5.0 (Windows NT 10.0; Win64; x64) AppleWebKit/537.36 (KHTML, like Gecko) Chrome/81.0.4044.92 Safari/537.36"
93.40.253.244 - - [15/Apr/2020:15:09:39 -0700] "GET /viewforum.php?f=33 HTTP/1.1" 200 20729 "http://forum.new-republic.net/viewtopic.php?f=33&t=18186" "Mozilla/5.0 (Windows NT 10.0; Win64; x64) AppleWebKit/537.36 (KHTML, like Gecko) Chrome/81.0.4044.92 Safari/537.36"
93.40.253.244 - - [15/Apr/2020:15:09:45 -0700] "GET /viewtopic.php?f=33&t=18186 HTTP/1.1" 200 17655 "http://forum.new-republic.net/viewforum.php?f=33" "Mozilla/5.0 (Windows NT 10.0; Win64; x64) AppleWebKit/537.36 (KHTML, like Gecko) Chrome/81.0.4044.92 Safari/537.36"
93.40.253.244 - - [15/Apr/2020:15:09:52 -0700] "GET /styles/ra_dark330/theme/images/loading.png HTTP/1.1" 404 3557 "http://forum.new-republic.net/styles/ra_dark330/theme/colours.css?v=3.2" "Mozilla/5.0 (Windows NT 10.0; Win64; x64) AppleWebKit/537.36 (KHTML, like Gecko) Chrome/81.0.4044.92 Safari/537.36"
93.40.253.244 - - [15/Apr/2020:15:09:52 -0700] "GET /mcp.php?f=33&t=18186&start=0&quickmod=1&redirect=.%2Fviewtopic.php%3Ff%3D33%26t%3D18186&action=make_announce&sid=60d2d08323afa27172d4a827f3553c29&_=1586988588925 HTTP/1.1" 200 594 "http://forum.new-republic.net/viewtopic.php?f=33&t=18186" "Mozilla/5.0 (Windows NT 10.0; Win64; x64) AppleWebKit/537.36 (KHTML, like Gecko) Chrome/81.0.4044.92 Safari/537.36"
93.40.253.244 - - [15/Apr/2020:15:09:54 -0700] "POST /mcp.php?_=1586988588925&action=make_announce&f=33&quickmod=1&redirect=.%2Fviewtopic.php%3Ff%3D33%26t%3D18186&start=0&t=18186&confirm_key=WYSFW82XDY&confirm_uid=2099&sess=60d2d08323afa27172d4a827f3553c29&sid=60d2d08323afa27172d4a827f3553c29 HTTP/1.1" 200 203 "http://forum.new-republic.net/viewtopic.php?f=33&t=18186" "Mozilla/5.0 (Windows NT 10.0; Win64; x64) AppleWebKit/537.36 (KHTML, like Gecko) Chrome/81.0.4044.92 Safari/537.36"
93.40.253.244 - - [15/Apr/2020:15:09:57 -0700] "GET /viewtopic.php?f=33&t=18186 HTTP/1.1" 200 17659 "http://forum.new-republic.net/viewtopic.php?f=33&t=18186" "Mozilla/5.0 (Windows NT 10.0; Win64; x64) AppleWebKit/537.36 (KHTML, like Gecko) Chrome/81.0.4044.92 Safari/537.36"
93.40.253.244 - - [15/Apr/2020:15:10:12 -0700] "GET /viewforum.php?f=33 HTTP/1.1" 200 20717 "-" "Mozilla/5.0 (Windows NT 10.0; Win64; x64) AppleWebKit/537.36 (KHTML, like Gecko) Chrome/81.0.4044.92 Safari/537.36"
93.40.253.244 - - [15/Apr/2020:15:10:19 -0700] "GET /viewtopic.php?f=254&p=210827 HTTP/1.1" 200 23882 "http://forum.new-republic.net/viewforum.php?f=33" "Mozilla/5.0 (Windows NT 10.0; Win64; x64) AppleWebKit/537.36 (KHTML, like Gecko) Chrome/81.0.4044.92 Safari/537.36"
166.137.102.83 - - [15/Apr/2020:15:14:47 -0700] "GET / HTTP/1.1" 200 6537 "-" "Mozilla/5.0 (Linux; Android 9; LM-X320) AppleWebKit/537.36 (KHTML, like Gecko) Chrome/80.0.3987.149 Mobile Safari/537.36"
166.137.102.83 - - [15/Apr/2020:15:14:48 -0700] "GET /assets/fonts/fontawesome-webfont.woff2?v=4.7.0 HTTP/1.1" 200 77162 "http://forum.new-republic.net/assets/css/font-awesome.min.css?assets_version=146" "Mozilla/5.0 (Linux; Android 9; LM-X320) AppleWebKit/537.36 (KHTML, like Gecko) Chrome/80.0.3987.149 Mobile Safari/537.36"
166.137.102.83 - - [15/Apr/2020:15:14:49 -0700] "GET /favicon.ico HTTP/1.1" 404 3116 "http://forum.new-republic.net/" "Mozilla/5.0 (Linux; Android 9; LM-X320) AppleWebKit/537.36 (KHTML, like Gecko) Chrome/80.0.3987.149 Mobile Safari/537.36"
166.137.102.83 - - [15/Apr/2020:15:14:49 -0700] "GET /viewforum.php?f=2067&sid=e8d7259452b5bc5b02a33316c17be79b HTTP/1.1" 200 9573 "http://forum.new-republic.net/" "Mozilla/5.0 (Linux; Android 9; LM-X320) AppleWebKit/537.36 (KHTML, like Gecko) Chrome/80.0.3987.149 Mobile Safari/537.36"
166.137.102.83 - - [15/Apr/2020:15:14:50 -0700] "GET /styles/ra_dark330/theme/images/announce_unread.png HTTP/1.1" 200 3120 "http://forum.new-republic.net/styles/ra_dark330/theme/colours.css?v=3.2" "Mozilla/5.0 (Linux; Android 9; LM-X320) AppleWebKit/537.36 (KHTML, like Gecko) Chrome/80.0.3987.149 Mobile Safari/537.36"
166.137.102.83 - - [15/Apr/2020:15:14:50 -0700] "GET /styles/ra_dark330/theme/images/announce_read.png HTTP/1.1" 200 3046 "http://forum.new-republic.net/styles/ra_dark330/theme/colours.css?v=3.2" "Mozilla/5.0 (Linux; Android 9; LM-X320) AppleWebKit/537.36 (KHTML, like Gecko) Chrome/80.0.3987.149 Mobile Safari/537.36"
166.137.102.83 - - [15/Apr/2020:15:14:50 -0700] "GET /styles/ra_dark330/theme/images/announce_read_locked.png HTTP/1.1" 200 3100 "http://forum.new-republic.net/styles/ra_dark330/theme/colours.css?v=3.2" "Mozilla/5.0 (Linux; Android 9; LM-X320) AppleWebKit/537.36 (KHTML, like Gecko) Chrome/80.0.3987.149 Mobile Safari/537.36"
166.137.102.83 - - [15/Apr/2020:15:14:50 -0700] "GET /styles/ra_dark330/theme/images/topic_read.png HTTP/1.1" 200 2950 "http://forum.new-republic.net/styles/ra_dark330/theme/colours.css?v=3.2" "Mozilla/5.0 (Linux; Android 9; LM-X320) AppleWebKit/537.36 (KHTML, like Gecko) Chrome/80.0.3987.149 Mobile Safari/537.36"
93.40.253.244 - - [15/Apr/2020:15:14:50 -0700] "POST /posting.php?mode=reply&f=254&t=17834 HTTP/1.1" 302 - "http://forum.new-republic.net/viewtopic.php?f=254&p=210827" "Mozilla/5.0 (Windows NT 10.0; Win64; x64) AppleWebKit/537.36 (KHTML, like Gecko) Chrome/81.0.4044.92 Safari/537.36"
93.40.253.244 - - [15/Apr/2020:15:14:50 -0700] "GET /viewtopic.php?f=254&t=17834&p=210841 HTTP/1.1" 200 24212 "http://forum.new-republic.net/viewtopic.php?f=254&p=210827" "Mozilla/5.0 (Windows NT 10.0; Win64; x64) AppleWebKit/537.36 (KHTML, like Gecko) Chrome/81.0.4044.92 Safari/537.36"
166.137.102.83 - - [15/Apr/2020:15:14:52 -0700] "GET /viewtopic.php?f=2067&t=18185 HTTP/1.1" 200 9242 "http://forum.new-republic.net/viewforum.php?f=2067&sid=e8d7259452b5bc5b02a33316c17be79b" "Mozilla/5.0 (Linux; Android 9; LM-X320) AppleWebKit/537.36 (KHTML, like Gecko) Chrome/80.0.3987.149 Mobile Safari/537.36"
166.137.102.83 - - [15/Apr/2020:15:14:53 -0700] "GET /images/ranks/C5_Director_NRI.png HTTP/1.1" 200 17647 "http://forum.new-republic.net/viewtopic.php?f=2067&t=18185" "Mozilla/5.0 (Linux; Android 9; LM-X320) AppleWebKit/537.36 (KHTML, like Gecko) Chrome/80.0.3987.149 Mobile Safari/537.36"
166.137.102.83 - - [15/Apr/2020:15:14:53 -0700] "GET /download/file.php?avatar=182_1581628753.png HTTP/1.1" 200 22546 "http://forum.new-republic.net/viewtopic.php?f=2067&t=18185" "Mozilla/5.0 (Linux; Android 9; LM-X320) AppleWebKit/537.36 (KHTML, like Gecko) Chrome/80.0.3987.149 Mobile Safari/537.36"
93.40.253.244 - - [15/Apr/2020:15:15:01 -0700] "GET /viewforum.php?f=176 HTTP/1.1" 200 17479 "http://forum.new-republic.net/viewtopic.php?f=254&t=17834&p=210841" "Mozilla/5.0 (Windows NT 10.0; Win64; x64) AppleWebKit/537.36 (KHTML, like Gecko) Chrome/81.0.4044.92 Safari/537.36"
93.40.253.244 - - [15/Apr/2020:15:15:03 -0700] "GET /viewforum.php?f=173 HTTP/1.1" 200 16445 "http://forum.new-republic.net/viewforum.php?f=176" "Mozilla/5.0 (Windows NT 10.0; Win64; x64) AppleWebKit/537.36 (KHTML, like Gecko) Chrome/81.0.4044.92 Safari/537.36"
93.40.253.244 - - [15/Apr/2020:15:15:07 -0700] "GET /viewtopic.php?f=2038&p=210802 HTTP/1.1" 200 22163 "http://forum.new-republic.net/viewforum.php?f=173" "Mozilla/5.0 (Windows NT 10.0; Win64; x64) AppleWebKit/537.36 (KHTML, like Gecko) Chrome/81.0.4044.92 Safari/537.36"
93.40.253.244 - - [15/Apr/2020:15:15:18 -0700] "GET /posting.php?mode=reply&f=2038&t=17475 HTTP/1.1" 200 12651 "http://forum.new-republic.net/viewtopic.php?f=2038&p=210802" "Mozilla/5.0 (Windows NT 10.0; Win64; x64) AppleWebKit/537.36 (KHTML, like Gecko) Chrome/81.0.4044.92 Safari/537.36"
166.137.102.83 - - [15/Apr/2020:15:15:35 -0700] "GET /index.php HTTP/1.1" 200 6304 "http://forum.new-republic.net/viewtopic.php?f=2067&t=18185" "Mozilla/5.0 (Linux; Android 9; LM-X320) AppleWebKit/537.36 (KHTML, like Gecko) Chrome/80.0.3987.149 Mobile Safari/537.36"
166.137.102.83 - - [15/Apr/2020:15:15:37 -0700] "GET /viewforum.php?f=2070 HTTP/1.1" 200 11240 "http://forum.new-republic.net/index.php" "Mozilla/5.0 (Linux; Android 9; LM-X320) AppleWebKit/537.36 (KHTML, like Gecko) Chrome/80.0.3987.149 Mobile Safari/537.36"
166.137.102.83 - - [15/Apr/2020:15:15:37 -0700] "GET /styles/ra_dark330/theme/images/sticky_read.png HTTP/1.1" 200 2893 "http://forum.new-republic.net/styles/ra_dark330/theme/colours.css?v=3.2" "Mozilla/5.0 (Linux; Android 9; LM-X320) AppleWebKit/537.36 (KHTML, like Gecko) Chrome/80.0.3987.149 Mobile Safari/537.36"
166.137.102.83 - - [15/Apr/2020:15:15:37 -0700] "GET /styles/ra_dark330/theme/images/topic_unread_hot.png HTTP/1.1" 200 3138 "http://forum.new-republic.net/styles/ra_dark330/theme/colours.css?v=3.2" "Mozilla/5.0 (Linux; Android 9; LM-X320) AppleWebKit/537.36 (KHTML, like Gecko) Chrome/80.0.3987.149 Mobile Safari/537.36"
166.137.102.83 - - [15/Apr/2020:15:15:37 -0700] "GET /styles/ra_dark330/theme/images/topic_unread.png HTTP/1.1" 200 3138 "http://forum.new-republic.net/styles/ra_dark330/theme/colours.css?v=3.2" "Mozilla/5.0 (Linux; Android 9; LM-X320) AppleWebKit/537.36 (KHTML, like Gecko) Chrome/80.0.3987.149 Mobile Safari/537.36"
166.137.102.83 - - [15/Apr/2020:15:15:37 -0700] "GET /styles/ra_dark330/theme/images/topic_read_hot.png HTTP/1.1" 200 2950 "http://forum.new-republic.net/styles/ra_dark330/theme/colours.css?v=3.2" "Mozilla/5.0 (Linux; Android 9; LM-X320) AppleWebKit/537.36 (KHTML, like Gecko) Chrome/80.0.3987.149 Mobile Safari/537.36"
166.137.102.83 - - [15/Apr/2020:15:15:37 -0700] "GET /styles/ra_dark330/theme/images/topic_unread_hot_mine.png HTTP/1.1" 200 3187 "http://forum.new-republic.net/styles/ra_dark330/theme/colours.css?v=3.2" "Mozilla/5.0 (Linux; Android 9; LM-X320) AppleWebKit/537.36 (KHTML, like Gecko) Chrome/80.0.3987.149 Mobile Safari/537.36"
166.137.102.83 - - [15/Apr/2020:15:15:42 -0700] "GET /index.php HTTP/1.1" 200 6302 "http://forum.new-republic.net/viewforum.php?f=2070" "Mozilla/5.0 (Linux; Android 9; LM-X320) AppleWebKit/537.36 (KHTML, like Gecko) Chrome/80.0.3987.149 Mobile Safari/537.36"
166.137.102.83 - - [15/Apr/2020:15:15:45 -0700] "GET /viewforum.php?f=2089 HTTP/1.1" 200 8390 "http://forum.new-republic.net/index.php" "Mozilla/5.0 (Linux; Android 9; LM-X320) AppleWebKit/537.36 (KHTML, like Gecko) Chrome/80.0.3987.149 Mobile Safari/537.36"
166.137.102.83 - - [15/Apr/2020:15:15:47 -0700] "GET /viewforum.php?f=2090 HTTP/1.1" 200 8365 "http://forum.new-republic.net/viewforum.php?f=2089" "Mozilla/5.0 (Linux; Android 9; LM-X320) AppleWebKit/537.36 (KHTML, like Gecko) Chrome/80.0.3987.149 Mobile Safari/537.36"
166.137.102.83 - - [15/Apr/2020:15:15:53 -0700] "GET /viewforum.php?f=2092 HTTP/1.1" 200 10207 "http://forum.new-republic.net/viewforum.php?f=2090" "Mozilla/5.0 (Linux; Android 9; LM-X320) AppleWebKit/537.36 (KHTML, like Gecko) Chrome/80.0.3987.149 Mobile Safari/537.36"
93.40.253.244 - - [15/Apr/2020:15:16:00 -0700] "POST /posting.php?mode=reply&f=2038&t=17475 HTTP/1.1" 302 - "http://forum.new-republic.net/posting.php?mode=reply&f=2038&t=17475" "Mozilla/5.0 (Windows NT 10.0; Win64; x64) AppleWebKit/537.36 (KHTML, like Gecko) Chrome/81.0.4044.92 Safari/537.36"
93.40.253.244 - - [15/Apr/2020:15:16:00 -0700] "GET /viewtopic.php?f=2038&t=17475&p=210842 HTTP/1.1" 200 22338 "http://forum.new-republic.net/posting.php?mode=reply&f=2038&t=17475" "Mozilla/5.0 (Windows NT 10.0; Win64; x64) AppleWebKit/537.36 (KHTML, like Gecko) Chrome/81.0.4044.92 Safari/537.36"
166.137.102.83 - - [15/Apr/2020:15:16:02 -0700] "GET / HTTP/1.1" 200 6304 "-" "Mozilla/5.0 (Linux; Android 9; LM-X320) AppleWebKit/537.36 (KHTML, like Gecko) Chrome/80.0.3987.149 Mobile Safari/537.36"
93.40.253.244 - - [15/Apr/2020:15:16:03 -0700] "GET /viewforum.php?f=2038 HTTP/1.1" 200 17028 "http://forum.new-republic.net/viewtopic.php?f=2038&t=17475&p=210842" "Mozilla/5.0 (Windows NT 10.0; Win64; x64) AppleWebKit/537.36 (KHTML, like Gecko) Chrome/81.0.4044.92 Safari/537.36"
93.40.253.244 - - [15/Apr/2020:15:16:04 -0700] "GET /styles/ra_dark330/theme/images/topic_unread_hot_mine.png HTTP/1.1" 200 3187 "http://forum.new-republic.net/styles/ra_dark330/theme/colours.css?v=3.2" "Mozilla/5.0 (Windows NT 10.0; Win64; x64) AppleWebKit/537.36 (KHTML, like Gecko) Chrome/81.0.4044.92 Safari/537.36"
166.137.102.83 - - [15/Apr/2020:15:16:05 -0700] "GET /viewforum.php?f=4 HTTP/1.1" 200 13896 "http://forum.new-republic.net/" "Mozilla/5.0 (Linux; Android 9; LM-X320) AppleWebKit/537.36 (KHTML, like Gecko) Chrome/80.0.3987.149 Mobile Safari/537.36"
166.137.102.83 - - [15/Apr/2020:15:16:06 -0700] "GET /styles/ra_dark330/theme/images/sticky_read_mine.png HTTP/1.1" 200 2948 "http://forum.new-republic.net/styles/ra_dark330/theme/colours.css?v=3.2" "Mozilla/5.0 (Linux; Android 9; LM-X320) AppleWebKit/537.36 (KHTML, like Gecko) Chrome/80.0.3987.149 Mobile Safari/537.36"
166.137.102.83 - - [15/Apr/2020:15:16:06 -0700] "GET /styles/ra_dark330/theme/images/sticky_unread_mine.png HTTP/1.1" 200 3113 "http://forum.new-republic.net/styles/ra_dark330/theme/colours.css?v=3.2" "Mozilla/5.0 (Linux; Android 9; LM-X320) AppleWebKit/537.36 (KHTML, like Gecko) Chrome/80.0.3987.149 Mobile Safari/537.36"
166.137.102.83 - - [15/Apr/2020:15:16:06 -0700] "GET /styles/ra_dark330/theme/images/topic_read_mine.png HTTP/1.1" 200 3024 "http://forum.new-republic.net/styles/ra_dark330/theme/colours.css?v=3.2" "Mozilla/5.0 (Linux; Android 9; LM-X320) AppleWebKit/537.36 (KHTML, like Gecko) Chrome/80.0.3987.149 Mobile Safari/537.36"
166.137.102.83 - - [15/Apr/2020:15:16:06 -0700] "GET /styles/ra_dark330/theme/images/sticky_read_locked.png HTTP/1.1" 200 2939 "http://forum.new-republic.net/styles/ra_dark330/theme/colours.css?v=3.2" "Mozilla/5.0 (Linux; Android 9; LM-X320) AppleWebKit/537.36 (KHTML, like Gecko) Chrome/80.0.3987.149 Mobile Safari/537.36"
93.40.253.244 - - [15/Apr/2020:15:16:07 -0700] "GET /viewtopic.php?f=2038&t=17477&p=210801 HTTP/1.1" 200 20027 "http://forum.new-republic.net/viewforum.php?f=2038" "Mozilla/5.0 (Windows NT 10.0; Win64; x64) AppleWebKit/537.36 (KHTML, like Gecko) Chrome/81.0.4044.92 Safari/537.36"
93.40.253.244 - - [15/Apr/2020:15:16:41 -0700] "GET /viewforum.php?f=2038 HTTP/1.1" 200 16977 "http://forum.new-republic.net/viewtopic.php?f=2038&t=17477&p=210801" "Mozilla/5.0 (Windows NT 10.0; Win64; x64) AppleWebKit/537.36 (KHTML, like Gecko) Chrome/81.0.4044.92 Safari/537.36"
93.40.253.244 - - [15/Apr/2020:15:18:04 -0700] "GET /viewforum.php?f=175 HTTP/1.1" 200 17571 "http://forum.new-republic.net/viewforum.php?f=33" "Mozilla/5.0 (Windows NT 10.0; Win64; x64) AppleWebKit/537.36 (KHTML, like Gecko) Chrome/81.0.4044.92 Safari/537.36"
93.40.253.244 - - [15/Apr/2020:15:18:09 -0700] "GET /viewforum.php?f=173 HTTP/1.1" 200 16404 "http://forum.new-republic.net/viewforum.php?f=2038" "Mozilla/5.0 (Windows NT 10.0; Win64; x64) AppleWebKit/537.36 (KHTML, like Gecko) Chrome/81.0.4044.92 Safari/537.36"
93.40.253.244 - - [15/Apr/2020:15:18:10 -0700] "GET /viewforum.php?f=33 HTTP/1.1" 200 20685 "http://forum.new-republic.net/viewforum.php?f=173" "Mozilla/5.0 (Windows NT 10.0; Win64; x64) AppleWebKit/537.36 (KHTML, like Gecko) Chrome/81.0.4044.92 Safari/537.36"
93.40.253.244 - - [15/Apr/2020:15:18:12 -0700] "GET /viewforum.php?f=175 HTTP/1.1" 200 17570 "http://forum.new-republic.net/viewforum.php?f=33" "Mozilla/5.0 (Windows NT 10.0; Win64; x64) AppleWebKit/537.36 (KHTML, like Gecko) Chrome/81.0.4044.92 Safari/537.36"
93.40.253.244 - - [15/Apr/2020:15:18:22 -0700] "GET /viewtopic.php?f=175&t=57 HTTP/1.1" 200 18769 "http://forum.new-republic.net/viewforum.php?f=175" "Mozilla/5.0 (Windows NT 10.0; Win64; x64) AppleWebKit/537.36 (KHTML, like Gecko) Chrome/81.0.4044.92 Safari/537.36"
93.40.253.244 - - [15/Apr/2020:15:18:58 -0700] "GET /viewforum.php?f=33 HTTP/1.1" 200 20685 "http://forum.new-republic.net/viewforum.php?f=175" "Mozilla/5.0 (Windows NT 10.0; Win64; x64) AppleWebKit/537.36 (KHTML, like Gecko) Chrome/81.0.4044.92 Safari/537.36"
93.40.253.244 - - [15/Apr/2020:15:19:00 -0700] "GET /viewtopic.php?f=33&t=18186 HTTP/1.1" 200 17659 "http://forum.new-republic.net/viewforum.php?f=33" "Mozilla/5.0 (Windows NT 10.0; Win64; x64) AppleWebKit/537.36 (KHTML, like Gecko) Chrome/81.0.4044.92 Safari/537.36"
73.77.234.193 - - [15/Apr/2020:15:21:17 -0700] "GET /viewforum.php?f=781 HTTP/1.1" 200 2948 "-" "Mozilla/5.0 (iPad; CPU OS 12_4_6 like Mac OS X) AppleWebKit/605.1.15 (KHTML, like Gecko) Version/12.1.2 Mobile/15E148 Safari/604.1"
73.77.234.193 - - [15/Apr/2020:15:21:18 -0700] "GET /apple-touch-icon-152x152-precomposed.png HTTP/1.1" 404 2229 "-" "MobileSafari/604.1 CFNetwork/978.0.7 Darwin/18.7.0"
73.77.234.193 - - [15/Apr/2020:15:21:18 -0700] "GET /apple-touch-icon-152x152.png HTTP/1.1" 404 2164 "-" "MobileSafari/604.1 CFNetwork/978.0.7 Darwin/18.7.0"
73.77.234.193 - - [15/Apr/2020:15:21:19 -0700] "GET /apple-touch-icon-precomposed.png HTTP/1.1" 404 2164 "-" "MobileSafari/604.1 CFNetwork/978.0.7 Darwin/18.7.0"
73.77.234.193 - - [15/Apr/2020:15:21:19 -0700] "GET /apple-touch-icon.png HTTP/1.1" 404 2156 "-" "MobileSafari/604.1 CFNetwork/978.0.7 Darwin/18.7.0"
93.40.253.244 - - [15/Apr/2020:15:21:19 -0700] "GET /viewforum.php?f=33 HTTP/1.1" 200 20686 "http://forum.new-republic.net/viewtopic.php?f=33&t=18186" "Mozilla/5.0 (Windows NT 10.0; Win64; x64) AppleWebKit/537.36 (KHTML, like Gecko) Chrome/81.0.4044.92 Safari/537.36"
73.77.234.193 - - [15/Apr/2020:15:21:19 -0700] "GET /favicon.ico HTTP/1.1" 404 2151 "-" "MobileSafari/604.1 CFNetwork/978.0.7 Darwin/18.7.0"
73.77.234.193 - - [15/Apr/2020:15:21:19 -0700] "GET /apple-touch-icon-152x152-precomposed.png HTTP/1.1" 404 2171 "-" "MobileSafari/604.1 CFNetwork/978.0.7 Darwin/18.7.0"
73.77.234.193 - - [15/Apr/2020:15:21:19 -0700] "GET /apple-touch-icon-152x152.png HTTP/1.1" 404 2164 "-" "MobileSafari/604.1 CFNetwork/978.0.7 Darwin/18.7.0"
73.77.234.193 - - [15/Apr/2020:15:21:20 -0700] "GET /apple-touch-icon-precomposed.png HTTP/1.1" 404 2164 "-" "MobileSafari/604.1 CFNetwork/978.0.7 Darwin/18.7.0"
73.77.234.193 - - [15/Apr/2020:15:21:20 -0700] "GET /apple-touch-icon.png HTTP/1.1" 404 2156 "-" "MobileSafari/604.1 CFNetwork/978.0.7 Darwin/18.7.0"
73.77.234.193 - - [15/Apr/2020:15:21:20 -0700] "GET /favicon.ico HTTP/1.1" 404 2151 "-" "MobileSafari/604.1 CFNetwork/978.0.7 Darwin/18.7.0"
92.110.68.210 - - [15/Apr/2020:15:27:26 -0700] "GET /search.php?search_id=unreadposts HTTP/1.1" 200 12574 "-" "Mozilla/5.0 (Windows NT 10.0; Win64; x64) AppleWebKit/537.36 (KHTML, like Gecko) Chrome/80.0.3987.163 Safari/537.36"
92.110.68.210 - - [15/Apr/2020:15:27:38 -0700] "GET /viewforum.php?f=2142 HTTP/1.1" 200 12837 "http://forum.new-republic.net/search.php?search_id=unreadposts" "Mozilla/5.0 (Windows NT 10.0; Win64; x64) AppleWebKit/537.36 (KHTML, like Gecko) Chrome/80.0.3987.163 Safari/537.36"
92.110.68.210 - - [15/Apr/2020:15:27:38 -0700] "GET /styles/ra_dark330/theme/images/topic_read.png HTTP/1.1" 200 2950 "http://forum.new-republic.net/styles/ra_dark330/theme/colours.css?v=3.2" "Mozilla/5.0 (Windows NT 10.0; Win64; x64) AppleWebKit/537.36 (KHTML, like Gecko) Chrome/80.0.3987.163 Safari/537.36"
92.110.68.210 - - [15/Apr/2020:15:27:42 -0700] "GET /viewtopic.php?f=2142&t=18171 HTTP/1.1" 200 13529 "http://forum.new-republic.net/viewforum.php?f=2142" "Mozilla/5.0 (Windows NT 10.0; Win64; x64) AppleWebKit/537.36 (KHTML, like Gecko) Chrome/80.0.3987.163 Safari/537.36"
92.110.68.210 - - [15/Apr/2020:15:27:42 -0700] "GET /images/ranks/MoTI_C3IC.png HTTP/1.1" 200 8276 "http://forum.new-republic.net/viewtopic.php?f=2142&t=18171" "Mozilla/5.0 (Windows NT 10.0; Win64; x64) AppleWebKit/537.36 (KHTML, like Gecko) Chrome/80.0.3987.163 Safari/537.36"
92.110.68.210 - - [15/Apr/2020:15:27:51 -0700] "GET /search.php?search_id=unreadposts HTTP/1.1" 200 12437 "-" "Mozilla/5.0 (Windows NT 10.0; Win64; x64) AppleWebKit/537.36 (KHTML, like Gecko) Chrome/80.0.3987.163 Safari/537.36"
92.110.68.210 - - [15/Apr/2020:15:27:56 -0700] "GET /index.php?hash=58f305a1&mark=forums&mark_time=1586989671 HTTP/1.1" 200 3643 "http://forum.new-republic.net/search.php?search_id=unreadposts" "Mozilla/5.0 (Windows NT 10.0; Win64; x64) AppleWebKit/537.36 (KHTML, like Gecko) Chrome/80.0.3987.163 Safari/537.36"
5.44.172.217 - - [15/Apr/2020:15:33:17 -0700] "GET /index.php HTTP/1.0" 200 10973 "http://screen-led.ru/" "Mozilla/5.0 (Windows NT 10.0; Win64; x64) AppleWebKit/537.36 (KHTML, like Gecko) Chrome/65.0.3325.181 Safari/537.36"
5.44.172.217 - - [15/Apr/2020:15:33:20 -0700] "GET /index.php HTTP/1.0" 200 10973 "http://screen-led.ru/" "Mozilla/5.0 (Windows NT 6.1; Win64; x64) AppleWebKit/537.36 (KHTML, like Gecko) Chrome/66.0.3359.170 Safari/537.36 OPR/53.0.2907.106"
5.44.172.217 - - [15/Apr/2020:15:33:23 -0700] "GET /index.php HTTP/1.0" 200 10973 "http://screen-led.ru/" "Mozilla/5.0 (Windows NT 6.1; Win64; x64) AppleWebKit/537.36 (KHTML, like Gecko) Chrome/67.0.3396.99 Safari/537.36"
5.44.172.217 - - [15/Apr/2020:15:33:25 -0700] "GET /index.php HTTP/1.0" 200 10973 "http://screen-led.ru/" "Mozilla/5.0 (Windows NT 6.1; Win64; x64) AppleWebKit/537.36 (KHTML, like Gecko) Chrome/66.0.3359.170 Safari/537.36 OPR/53.0.2907.99"
5.44.172.217 - - [15/Apr/2020:15:33:30 -0700] "GET /index.php?sid=95dc5eea6cc53cf752d6deb40d51194f HTTP/1.0" 200 10973 "http://screen-led.ru/" "Mozilla/5.0 (Windows NT 6.1; Win64; x64) AppleWebKit/537.36 (KHTML, like Gecko) Chrome/68.0.3440.106 Safari/537.36 OPR/55.0.2994.44"
5.44.172.217 - - [15/Apr/2020:15:33:32 -0700] "GET /ucp.php?mode=login&redirect=index.php&sid=95dc5eea6cc53cf752d6deb40d51194f HTTP/1.0" 200 9488 "http://screen-led.ru/" "Mozilla/5.0 (Windows NT 10.0; Win64; x64) AppleWebKit/537.36 (KHTML, like Gecko) Chrome/58.0.3029.110 Safari/537.36 Edge/16.16299"
5.44.172.217 - - [15/Apr/2020:15:33:35 -0700] "GET /ucp.php?mode=register&sid=95dc5eea6cc53cf752d6deb40d51194f HTTP/1.0" 200 9959 "http://screen-led.ru/" "Mozilla/5.0 (Windows NT 6.3; Win64; x64) AppleWebKit/537.36 (KHTML, like Gecko) Chrome/68.0.3440.106 Safari/537.36"
5.44.172.217 - - [15/Apr/2020:15:33:37 -0700] "GET /index.php?sid=95dc5eea6cc53cf752d6deb40d51194f HTTP/1.0" 200 10973 "http://screen-led.ru/" "Mozilla/5.0 (Windows NT 6.1; Win64; x64) AppleWebKit/537.36 (KHTML, like Gecko) Chrome/68.0.3440.106 Safari/537.36"
5.44.172.217 - - [15/Apr/2020:15:33:40 -0700] "GET /viewforum.php?f=2&sid=95dc5eea6cc53cf752d6deb40d51194f HTTP/1.0" 200 14239 "http://screen-led.ru/" "Mozilla/5.0 (Windows NT 10.0; Win64; x64) AppleWebKit/537.36 (KHTML, like Gecko) Chrome/66.0.3359.181 Safari/537.36"
51.15.86.162 - - [15/Apr/2020:15:35:38 -0700] "GET / HTTP/1.1" 200 3232 "-" "Mozilla/5.0 (Windows NT 10.0; rv:68.0) Gecko/20100101 Firefox/68.0"
51.15.86.162 - - [15/Apr/2020:15:35:39 -0700] "GET /assets/javascript/jquery-3.4.1.min.js?assets_version=146 HTTP/1.1" 200 30677 "http://forum.new-republic.net/" "Mozilla/5.0 (Windows NT 10.0; rv:68.0) Gecko/20100101 Firefox/68.0"
51.15.86.162 - - [15/Apr/2020:15:35:39 -0700] "GET /assets/css/font-awesome.min.css?assets_version=146 HTTP/1.1" 200 7053 "http://forum.new-republic.net/" "Mozilla/5.0 (Windows NT 10.0; rv:68.0) Gecko/20100101 Firefox/68.0"
51.15.86.162 - - [15/Apr/2020:15:35:39 -0700] "GET /styles/ra_dark330/theme/stylesheet.css?assets_version=146 HTTP/1.1" 200 276 "http://forum.new-republic.net/" "Mozilla/5.0 (Windows NT 10.0; rv:68.0) Gecko/20100101 Firefox/68.0"
51.15.86.162 - - [15/Apr/2020:15:35:39 -0700] "GET /styles/ra_dark330/theme/en/stylesheet.css?assets_version=146 HTTP/1.1" 200 88 "http://forum.new-republic.net/" "Mozilla/5.0 (Windows NT 10.0; rv:68.0) Gecko/20100101 Firefox/68.0"
51.15.86.162 - - [15/Apr/2020:15:35:39 -0700] "GET /styles/prosilver/template/forum_fn.js?assets_version=146 HTTP/1.1" 200 6743 "http://forum.new-republic.net/" "Mozilla/5.0 (Windows NT 10.0; rv:68.0) Gecko/20100101 Firefox/68.0"
51.15.86.162 - - [15/Apr/2020:15:35:39 -0700] "GET /assets/javascript/core.js?assets_version=146 HTTP/1.1" 200 13864 "http://forum.new-republic.net/" "Mozilla/5.0 (Windows NT 10.0; rv:68.0) Gecko/20100101 Firefox/68.0"
51.15.86.162 - - [15/Apr/2020:15:35:39 -0700] "GET /styles/prosilver/template/ajax.js?assets_version=146 HTTP/1.1" 200 3811 "http://forum.new-republic.net/" "Mozilla/5.0 (Windows NT 10.0; rv:68.0) Gecko/20100101 Firefox/68.0"
51.15.86.162 - - [15/Apr/2020:15:35:40 -0700] "GET /styles/ra_dark330/theme/normalize.css?v=3.2 HTTP/1.1" 200 2578 "http://forum.new-republic.net/styles/ra_dark330/theme/stylesheet.css?assets_version=146" "Mozilla/5.0 (Windows NT 10.0; rv:68.0) Gecko/20100101 Firefox/68.0"
51.15.86.162 - - [15/Apr/2020:15:35:40 -0700] "GET /styles/ra_dark330/theme/base.css?v=3.2 HTTP/1.1" 200 954 "http://forum.new-republic.net/styles/ra_dark330/theme/stylesheet.css?assets_version=146" "Mozilla/5.0 (Windows NT 10.0; rv:68.0) Gecko/20100101 Firefox/68.0"
51.15.86.162 - - [15/Apr/2020:15:35:40 -0700] "GET /styles/ra_dark330/theme/utilities.css?v=3.2 HTTP/1.1" 200 460 "http://forum.new-republic.net/styles/ra_dark330/theme/stylesheet.css?assets_version=146" "Mozilla/5.0 (Windows NT 10.0; rv:68.0) Gecko/20100101 Firefox/68.0"
51.15.86.162 - - [15/Apr/2020:15:35:40 -0700] "GET /styles/ra_dark330/theme/common.css?v=3.2 HTTP/1.1" 200 4736 "http://forum.new-republic.net/styles/ra_dark330/theme/stylesheet.css?assets_version=146" "Mozilla/5.0 (Windows NT 10.0; rv:68.0) Gecko/20100101 Firefox/68.0"
51.15.86.162 - - [15/Apr/2020:15:35:40 -0700] "GET /styles/ra_dark330/theme/links.css?v=3.2 HTTP/1.1" 200 1094 "http://forum.new-republic.net/styles/ra_dark330/theme/stylesheet.css?assets_version=146" "Mozilla/5.0 (Windows NT 10.0; rv:68.0) Gecko/20100101 Firefox/68.0"
51.15.86.162 - - [15/Apr/2020:15:35:40 -0700] "GET /styles/ra_dark330/theme/content.css?v=3.2 HTTP/1.1" 200 3383 "http://forum.new-republic.net/styles/ra_dark330/theme/stylesheet.css?assets_version=146" "Mozilla/5.0 (Windows NT 10.0; rv:68.0) Gecko/20100101 Firefox/68.0"
51.15.86.162 - - [15/Apr/2020:15:35:40 -0700] "GET /styles/ra_dark330/theme/buttons.css?v=3.2 HTTP/1.1" 200 1020 "http://forum.new-republic.net/styles/ra_dark330/theme/stylesheet.css?assets_version=146" "Mozilla/5.0 (Windows NT 10.0; rv:68.0) Gecko/20100101 Firefox/68.0"
51.15.86.162 - - [15/Apr/2020:15:35:40 -0700] "GET /styles/ra_dark330/theme/cp.css?v=3.2 HTTP/1.1" 200 1651 "http://forum.new-republic.net/styles/ra_dark330/theme/stylesheet.css?assets_version=146" "Mozilla/5.0 (Windows NT 10.0; rv:68.0) Gecko/20100101 Firefox/68.0"
51.15.86.162 - - [15/Apr/2020:15:35:40 -0700] "GET /styles/ra_dark330/theme/forms.css?v=3.2 HTTP/1.1" 200 1970 "http://forum.new-republic.net/styles/ra_dark330/theme/stylesheet.css?assets_version=146" "Mozilla/5.0 (Windows NT 10.0; rv:68.0) Gecko/20100101 Firefox/68.0"
51.15.86.162 - - [15/Apr/2020:15:35:40 -0700] "GET /styles/ra_dark330/theme/icons.css?v=3.2 HTTP/1.1" 200 732 "http://forum.new-republic.net/styles/ra_dark330/theme/stylesheet.css?assets_version=146" "Mozilla/5.0 (Windows NT 10.0; rv:68.0) Gecko/20100101 Firefox/68.0"
51.15.86.162 - - [15/Apr/2020:15:35:40 -0700] "GET /styles/ra_dark330/theme/colours.css?v=3.2 HTTP/1.1" 200 5079 "http://forum.new-republic.net/styles/ra_dark330/theme/stylesheet.css?assets_version=146" "Mozilla/5.0 (Windows NT 10.0; rv:68.0) Gecko/20100101 Firefox/68.0"
51.15.86.162 - - [15/Apr/2020:15:35:40 -0700] "GET /styles/ra_dark330/theme/responsive.css?v=3.2 HTTP/1.1" 200 2343 "http://forum.new-republic.net/styles/ra_dark330/theme/stylesheet.css?assets_version=146" "Mozilla/5.0 (Windows NT 10.0; rv:68.0) Gecko/20100101 Firefox/68.0"
51.15.86.162 - - [15/Apr/2020:15:35:41 -0700] "GET /styles/ra_dark330/theme/images/site_logo.png HTTP/1.1" 200 5783 "http://forum.new-republic.net/styles/ra_dark330/theme/colours.css?v=3.2" "Mozilla/5.0 (Windows NT 10.0; rv:68.0) Gecko/20100101 Firefox/68.0"
51.15.86.162 - - [15/Apr/2020:15:35:41 -0700] "GET /styles/ra_dark330/theme/images/forum_read.png HTTP/1.1" 200 3024 "http://forum.new-republic.net/styles/ra_dark330/theme/colours.css?v=3.2" "Mozilla/5.0 (Windows NT 10.0; rv:68.0) Gecko/20100101 Firefox/68.0"
51.15.86.162 - - [15/Apr/2020:15:35:41 -0700] "GET /assets/fonts/fontawesome-webfont.woff2?v=4.7.0 HTTP/1.1" 200 77160 "http://forum.new-republic.net/assets/css/font-awesome.min.css?assets_version=146" "Mozilla/5.0 (Windows NT 10.0; rv:68.0) Gecko/20100101 Firefox/68.0"
51.15.86.162 - - [15/Apr/2020:15:35:41 -0700] "GET /favicon.ico HTTP/1.1" 404 2151 "-" "Mozilla/5.0 (Windows NT 10.0; rv:68.0) Gecko/20100101 Firefox/68.0"
51.15.86.162 - - [15/Apr/2020:15:35:49 -0700] "POST /ucp.php?mode=login&sid=bb2ace5b2adf4b5c4a5e390ce3596e53 HTTP/1.1" 302 - "http://forum.new-republic.net/" "Mozilla/5.0 (Windows NT 10.0; rv:68.0) Gecko/20100101 Firefox/68.0"
51.15.86.162 - - [15/Apr/2020:15:35:50 -0700] "GET /index.php?sid=3158c87596322b177bd39902356f69ba HTTP/1.1" 200 7282 "http://forum.new-republic.net/" "Mozilla/5.0 (Windows NT 10.0; rv:68.0) Gecko/20100101 Firefox/68.0"
51.15.86.162 - - [15/Apr/2020:15:35:51 -0700] "GET /styles/ra_dark330/theme/images/forum_read_subforum.png HTTP/1.1" 200 3125 "http://forum.new-republic.net/styles/ra_dark330/theme/colours.css?v=3.2" "Mozilla/5.0 (Windows NT 10.0; rv:68.0) Gecko/20100101 Firefox/68.0"
51.15.86.162 - - [15/Apr/2020:15:35:51 -0700] "GET /styles/ra_dark330/theme/images/no_avatar.gif HTTP/1.1" 200 930 "http://forum.new-republic.net/index.php?sid=3158c87596322b177bd39902356f69ba" "Mozilla/5.0 (Windows NT 10.0; rv:68.0) Gecko/20100101 Firefox/68.0"
51.15.86.162 - - [15/Apr/2020:15:35:51 -0700] "GET /styles/ra_dark330/theme/images/forum_unread_subforum.png HTTP/1.1" 200 3167 "http://forum.new-republic.net/styles/ra_dark330/theme/colours.css?v=3.2" "Mozilla/5.0 (Windows NT 10.0; rv:68.0) Gecko/20100101 Firefox/68.0"
51.15.86.162 - - [15/Apr/2020:15:35:51 -0700] "GET /download/file.php?avatar=1912_1534272751.png HTTP/1.1" 200 15974 "http://forum.new-republic.net/index.php?sid=3158c87596322b177bd39902356f69ba" "Mozilla/5.0 (Windows NT 10.0; rv:68.0) Gecko/20100101 Firefox/68.0"
51.15.86.162 - - [15/Apr/2020:15:35:52 -0700] "GET /download/file.php?avatar=1840_1582481969.png HTTP/1.1" 200 23405 "http://forum.new-republic.net/index.php?sid=3158c87596322b177bd39902356f69ba" "Mozilla/5.0 (Windows NT 10.0; rv:68.0) Gecko/20100101 Firefox/68.0"
51.15.86.162 - - [15/Apr/2020:15:35:52 -0700] "GET /download/file.php?avatar=106_1582843105.png HTTP/1.1" 200 16023 "http://forum.new-republic.net/index.php?sid=3158c87596322b177bd39902356f69ba" "Mozilla/5.0 (Windows NT 10.0; rv:68.0) Gecko/20100101 Firefox/68.0"
51.15.86.162 - - [15/Apr/2020:15:35:52 -0700] "GET /download/file.php?avatar=100_1581712319.png HTTP/1.1" 200 20170 "http://forum.new-republic.net/index.php?sid=3158c87596322b177bd39902356f69ba" "Mozilla/5.0 (Windows NT 10.0; rv:68.0) Gecko/20100101 Firefox/68.0"
51.15.86.162 - - [15/Apr/2020:15:35:54 -0700] "GET /search.php?search_id=unreadposts HTTP/1.1" 200 9057 "http://forum.new-republic.net/index.php?sid=3158c87596322b177bd39902356f69ba" "Mozilla/5.0 (Windows NT 10.0; rv:68.0) Gecko/20100101 Firefox/68.0"
51.15.86.162 - - [15/Apr/2020:15:35:55 -0700] "GET /styles/ra_dark330/theme/images/topic_unread.png HTTP/1.1" 200 3138 "http://forum.new-republic.net/styles/ra_dark330/theme/colours.css?v=3.2" "Mozilla/5.0 (Windows NT 10.0; rv:68.0) Gecko/20100101 Firefox/68.0"
51.15.86.162 - - [15/Apr/2020:15:35:58 -0700] "GET /index.php HTTP/1.1" 200 7281 "http://forum.new-republic.net/search.php?search_id=unreadposts" "Mozilla/5.0 (Windows NT 10.0; rv:68.0) Gecko/20100101 Firefox/68.0"
51.15.86.162 - - [15/Apr/2020:15:38:54 -0700] "GET /search.php?search_id=unreadposts HTTP/1.1" 200 9058 "http://forum.new-republic.net/index.php" "Mozilla/5.0 (Windows NT 10.0; rv:68.0) Gecko/20100101 Firefox/68.0"
51.15.86.162 - - [15/Apr/2020:15:38:58 -0700] "GET /index.php?hash=440d3c8b&mark=forums&mark_time=1586990335 HTTP/1.1" 200 3552 "http://forum.new-republic.net/search.php?search_id=unreadposts" "Mozilla/5.0 (Windows NT 10.0; rv:68.0) Gecko/20100101 Firefox/68.0"
51.15.86.162 - - [15/Apr/2020:15:39:02 -0700] "GET /index.php? HTTP/1.1" 200 7241 "-" "Mozilla/5.0 (Windows NT 10.0; rv:68.0) Gecko/20100101 Firefox/68.0"
40.77.167.40 - - [15/Apr/2020:15:39:46 -0700] "GET /app.php/feed?sid=4d220ff0bb12bcaadf525713af8440c8 HTTP/1.1" 200 1805 "-" "msnbot/2.0b (+http://search.msn.com/msnbot.htm)"
92.110.68.210 - - [15/Apr/2020:15:49:08 -0700] "GET /search.php?search_id=unreadposts HTTP/1.1" 200 11517 "-" "Mozilla/5.0 (Windows NT 10.0; Win64; x64) AppleWebKit/537.36 (KHTML, like Gecko) Chrome/80.0.3987.163 Safari/537.36"
92.110.68.210 - - [15/Apr/2020:15:49:12 -0700] "GET /search.php?search_id=unreadposts HTTP/1.1" 200 11516 "-" "Mozilla/5.0 (Windows NT 10.0; Win64; x64) AppleWebKit/537.36 (KHTML, like Gecko) Chrome/80.0.3987.163 Safari/537.36"
185.220.100.252 - - [15/Apr/2020:16:00:49 -0700] "GET /index.php HTTP/1.0" 200 11098 "http://forum.new-republic.net/index.php" "Mozilla/5.0 (Windows NT 6.1) AppleWebKit/537.36 (KHTML, like Gecko) Chrome/67.0.3396.99 Safari/537.36"
185.220.100.252 - - [15/Apr/2020:16:00:57 -0700] "GET /viewforum.php?f=2&sid=ed470f2ba5c08409e891ce7de1e0e003 HTTP/1.0" 200 13248 "http://forum.new-republic.net/viewforum.php?f=2&sid=ed470f2ba5c08409e891ce7de1e0e003" "Mozilla/5.0 (Windows NT 6.1) AppleWebKit/537.36 (KHTML, like Gecko) Chrome/67.0.3396.99 Safari/537.36"
185.220.100.252 - - [15/Apr/2020:16:01:05 -0700] "GET /posting.php?mode=post&f=2 HTTP/1.0" 200 8888 "http://forum.new-republic.net/posting.php?mode=post&f=2" "Mozilla/5.0 (Windows NT 6.1) AppleWebKit/537.36 (KHTML, like Gecko) Chrome/67.0.3396.99 Safari/537.36"
185.220.100.252 - - [15/Apr/2020:16:01:19 -0700] "GET /index.php HTTP/1.0" 200 10100 "http://forum.new-republic.net/index.php" "Mozilla/5.0 (Windows NT 6.1) AppleWebKit/537.36 (KHTML, like Gecko) Chrome/67.0.3396.99 Safari/537.36"
185.220.100.252 - - [15/Apr/2020:16:01:23 -0700] "GET /ucp.php?mode=register HTTP/1.0" 200 9528 "http://forum.new-republic.net/ucp.php?mode=register" "Mozilla/5.0 (Windows NT 6.1) AppleWebKit/537.36 (KHTML, like Gecko) Chrome/67.0.3396.99 Safari/537.36"
185.220.100.252 - - [15/Apr/2020:16:01:37 -0700] "POST /ucp.php?mode=register HTTP/1.0" 200 63221 "http://forum.new-republic.net/ucp.php?mode=register" "Mozilla/5.0 (Windows NT 6.1) AppleWebKit/537.36 (KHTML, like Gecko) Chrome/67.0.3396.99 Safari/537.36"
185.220.100.252 - - [15/Apr/2020:16:02:05 -0700] "POST /ucp.php?mode=register HTTP/1.0" 200 63371 "http://forum.new-republic.net/ucp.php?mode=register" "Mozilla/5.0 (Windows NT 6.1) AppleWebKit/537.36 (KHTML, like Gecko) Chrome/67.0.3396.99 Safari/537.36"
185.220.100.252 - - [15/Apr/2020:16:03:06 -0700] "POST /ucp.php?mode=register HTTP/1.0" 200 63371 "http://forum.new-republic.net/ucp.php?mode=register" "Mozilla/5.0 (Windows NT 6.1) AppleWebKit/537.36 (KHTML, like Gecko) Chrome/67.0.3396.99 Safari/537.36"
185.220.101.195 - - [15/Apr/2020:16:03:34 -0700] "POST /ucp.php?mode=register HTTP/1.0" 200 9959 "http://forum.new-republic.net/ucp.php?mode=register" "Mozilla/5.0 (Windows NT 6.1) AppleWebKit/537.36 (KHTML, like Gecko) Chrome/67.0.3396.99 Safari/537.36"
185.220.101.195 - - [15/Apr/2020:16:03:47 -0700] "GET /ucp.php?mode=login&redirect=index.php&sid=ed470f2ba5c08409e891ce7de1e0e003 HTTP/1.0" 200 8815 "http://forum.new-republic.net/ucp.php?mode=login&redirect=index.php&sid=ed470f2ba5c08409e891ce7de1e0e003" "Mozilla/5.0 (Windows NT 6.1) AppleWebKit/537.36 (KHTML, like Gecko) Chrome/67.0.3396.99 Safari/537.36"
185.220.101.195 - - [15/Apr/2020:16:04:02 -0700] "POST /ucp.php?mode=login HTTP/1.0" 200 9022 "http://forum.new-republic.net/ucp.php?mode=login&redirect=index.php&sid=ed470f2ba5c08409e891ce7de1e0e003" "Mozilla/5.0 (Windows NT 6.1) AppleWebKit/537.36 (KHTML, like Gecko) Chrome/67.0.3396.99 Safari/537.36"
93.40.253.244 - - [15/Apr/2020:16:06:54 -0700] "GET /viewforum.php?f=33 HTTP/1.1" 200 21090 "-" "Mozilla/5.0 (Windows NT 10.0; Win64; x64) AppleWebKit/537.36 (KHTML, like Gecko) Chrome/81.0.4044.113 Safari/537.36"
93.40.253.244 - - [15/Apr/2020:16:06:55 -0700] "GET /assets/css/font-awesome.min.css?assets_version=146 HTTP/1.1" 200 7053 "http://forum.new-republic.net/viewforum.php?f=33" "Mozilla/5.0 (Windows NT 10.0; Win64; x64) AppleWebKit/537.36 (KHTML, like Gecko) Chrome/81.0.4044.113 Safari/537.36"
93.40.253.244 - - [15/Apr/2020:16:06:55 -0700] "GET /styles/ra_dark330/theme/stylesheet.css?assets_version=146 HTTP/1.1" 200 276 "http://forum.new-republic.net/viewforum.php?f=33" "Mozilla/5.0 (Windows NT 10.0; Win64; x64) AppleWebKit/537.36 (KHTML, like Gecko) Chrome/81.0.4044.113 Safari/537.36"
